[{"gameid":"20120905_DAL@NYG","qtr":"1","min":null,"sec":"0","off":"DAL","def":"NYG","down":null,"togo":null,"ydline":null,"description":"D.Bailey kicks 69 yards from DAL 35 to NYG -4. D.Wilson to NYG 16 for 20 yards (A.Holmes).","offscore":"0","defscore":"0","season":"2012"}]